# -*- coding: utf-8 -*- #
"""Cloud SDK static completion CLI tree."""
# pylint: disable=line-too-long,bad-continuation
STATIC_COMPLETION_CLI_TREE = {
  "commands": {
    "alpha": {
      "commands": {
        "sdk": {
          "commands": {
            "subgroup": {
              "commands": {
                "subgroup-command-2": {
                  "commands": {},
                  "flags": {}
                },
                "subgroup-command-a": {
                  "commands": {},
                  "flags": {
                    "--delete-in": "value",
                    "--delete-on": "value",
                    "--obsolete-in": "value",
                    "--obsolete-on": "value"
                  }
                }
              },
              "flags": {}
            }
          },
          "flags": {}
        }
      },
      "flags": {}
    },
    "beta": {
      "commands": {
        "sdk": {
          "commands": {
            "subgroup": {
              "commands": {
                "subgroup-command-2": {
                  "commands": {},
                  "flags": {}
                },
                "subgroup-command-a": {
                  "commands": {},
                  "flags": {
                    "--delete-in": "value",
                    "--delete-on": "value",
                    "--obsolete-in": "value",
                    "--obsolete-on": "value"
                  }
                }
              },
              "flags": {}
            }
          },
          "flags": {}
        }
      },
      "flags": {}
    },
    "sdk": {
      "commands": {
        "subgroup": {
          "commands": {
            "subgroup-command-2": {
              "commands": {},
              "flags": {}
            },
            "subgroup-command-a": {
              "commands": {},
              "flags": {
                "--delete-in": "value",
                "--delete-on": "value",
                "--obsolete-in": "value",
                "--obsolete-on": "value"
              }
            }
          },
          "flags": {}
        }
      },
      "flags": {}
    }
  },
  "flags": {
    "--configuration": "value",
    "--flags-file": "value",
    "--flatten": "value",
    "--format": "value",
    "--help": "bool",
    "--log-http": "bool",
    "--user-output-enabled": "bool",
    "--verbosity": [
      "critical",
      "debug",
      "error",
      "info",
      "none",
      "warning"
    ]
  }
}
